[?25l[?2004hTest error[D[2K[?2004l[?25h[?1002l[?1003l[?1006l