[?25l[?2004h                  
  Project: /test  
                  
  [38;5;240mBummer. No Files Found.[0m[D[2K[?2004l[?25h[?1002l[?1003l[?1006l