[?25l[?2004h/tests
No .[D[2K[?2004l[?25h[?1002l[?1003l[?1006l