[?25l[?2004h[48;2;15;15;15mâˆŸ test1[0m
âˆŸ test2 <
[D[2K[?2004l[?25h[?1002l[?1003l[?1006l